<html>
<body>
<pre>
<h1>µVision Build Log</h1>
<h2>Tool Versions:</h2>
IDE-Version: µVision V5.39.0.0
Copyright (C) 2023 ARM Ltd and ARM Germany GmbH. All rights reserved.
License Information: Eric Santana
CSULB
User-based license: Keil MDK Community (non-commercial free of charge)
Valid until: May 31 2033. Cached until: Sep 21 2025
 
Tool Versions:
Toolchain:       Keil MDK Community (non-commercial free of charge  Version: 5.39.0.0
Toolchain Path:  C:\Keil_v5\ARM\ARMCLANG\Bin
C Compiler:      ArmClang.exe V6.21
Assembler:       Armasm.exe V6.21
Linker/Locator:  ArmLink.exe V6.21
Library Manager: ArmAr.exe V6.21
Hex Converter:   FromElf.exe V6.21
CPU DLL:         SARMCM3.DLL V5.39.0.0
Dialog DLL:      DCM.DLL V1.17.5.0
Target DLL:      lmidk-agdi.dll V???
Dialog DLL:      TCM.DLL V1.56.4.0
 
<h2>Project:</h2>
C:\Users\fallo\Desktop\CECS 347\Project 1 Part 2\Project 1.uvprojx
Project File Date:  09/15/2025

<h2>Output:</h2>
*** Using Compiler 'V6.21', folder: 'C:\Keil_v5\ARM\ARMCLANG\Bin'
Rebuild target 'Ultrasonic Range Finder'
assembling startup.s...
compiling portB.c...
compiling PLL.c...
compiling PortF.c...
compiling SysTick.c...
main.c(18): warning: In file included from...
./Uart.h(5): warning: 'SYSCTL_RCGCUART_R' macro redefined [-Wmacro-redefined]
    5 | #define SYSCTL_RCGCUART_R  (*((volatile unsigned long*) 0x400FE618))
      |         ^
./tm4c123gh6pm.h(2112): note: previous definition is here
 2112 | #define SYSCTL_RCGCUART_R       (*((volatile unsigned long *)0x400FE618))
      |         ^
main.c(18): warning: In file included from...
./Uart.h(6): warning: 'SYSCTL_RCGCGPIO_R' macro redefined [-Wmacro-redefined]
    6 | #define SYSCTL_RCGCGPIO_R  (*((volatile unsigned long*) 0x400FE608))
      |         ^
./tm4c123gh6pm.h(2109): note: previous definition is here
 2109 | #define SYSCTL_RCGCGPIO_R       (*((volatile unsigned long *)0x400FE608))
      |         ^
main.c(18): warning: In file included from...
./Uart.h(7): warning: 'UART0_DR_R' macro redefined [-Wmacro-redefined]
    7 | #define UART0_DR_R                               (*((volatile unsigned long*) 0x4000C000))
      |         ^
./tm4c123gh6pm.h(353): note: previous definition is here
  353 | #define UART0_DR_R              (*((volatile unsigned long *)0x4000C000))
      |         ^
main.c(18): warning: In file included from...
./Uart.h(8): warning: 'UART0_RSR_R' macro redefined [-Wmacro-redefined]
    8 | #define UART0_RSR_R                              (*((volatile unsigned long*) 0x4000C004))
      |         ^
./tm4c123gh6pm.h(354): note: previous definition is here
  354 | #define UART0_RSR_R             (*((volatile unsigned long *)0x4000C004))
      |         ^
main.c(18): warning: In file included from...
./Uart.h(9): warning: 'UART0_FR_R' macro redefined [-Wmacro-redefined]
    9 | #define UART0_FR_R                               (*((volatile unsigned long*) 0x4000C018))
      |         ^
./tm4c123gh6pm.h(356): note: previous definition is here
  356 | #define UART0_FR_R              (*((volatile unsigned long *)0x4000C018))
      |         ^
main.c(18): warning: In file included from...
./Uart.h(10): warning: 'UART0_IBRD_R' macro redefined [-Wmacro-redefined]
   10 | #define UART0_IBRD_R                     (*((volatile unsigned long*) 0x4000C024))
      |         ^
./tm4c123gh6pm.h(358): note: previous definition is here
  358 | #define UART0_IBRD_R            (*((volatile unsigned long *)0x4000C024))
      |         ^
main.c(18): warning: In file included from...
./Uart.h(11): warning: 'UART0_FBRD_R' macro redefined [-Wmacro-redefined]
   11 | #define UART0_FBRD_R                     (*((volatile unsigned long*) 0x4000C028))
      |         ^
./tm4c123gh6pm.h(359): note: previous definition is here
  359 | #define UART0_FBRD_R            (*((volatile unsigned long *)0x4000C028))
      |         ^
main.c(18): warning: In file included from...
./Uart.h(12): warning: 'UART0_LCRH_R' macro redefined [-Wmacro-redefined]
   12 | #define UART0_LCRH_R                     (*((volatile unsigned long*) 0x4000C02C))
      |         ^
./tm4c123gh6pm.h(360): note: previous definition is here
  360 | #define UART0_LCRH_R            (*((volatile unsigned long *)0x4000C02C))
      |         ^
main.c(18): warning: In file included from...
./Uart.h(13): warning: 'UART0_CTL_R' macro redefined [-Wmacro-redefined]
   13 | #define UART0_CTL_R                              (*((volatile unsigned long*) 0x4000C030))
      |         ^
./tm4c123gh6pm.h(361): note: previous definition is here
  361 | #define UART0_CTL_R             (*((volatile unsigned long *)0x4000C030))
      |         ^
main.c(18): warning: In file included from...
./Uart.h(15): warning: 'GPIO_PORTA_PCTL_R' macro redefined [-Wmacro-redefined]
   15 | #define GPIO_PORTA_PCTL_R  (*((volatile unsigned long*) 0x4000452C))
      |         ^
./tm4c123gh6pm.h(183): note: previous definition is here
  183 | #define GPIO_PORTA_PCTL_R       (*((volatile unsigned long *)0x4000452C))
      |         ^
main.c(18): warning: In file included from...
./Uart.h(16): warning: 'GPIO_PORTA_AMSEL_R' macro redefined [-Wmacro-redefined]
   16 | #define GPIO_PORTA_AMSEL_R (*((volatile unsigned long*) 0X40004528))
      |         ^
./tm4c123gh6pm.h(182): note: previous definition is here
  182 | #define GPIO_PORTA_AMSEL_R      (*((volatile unsigned long *)0x40004528))
      |         ^
main.c(18): warning: In file included from...
./Uart.h(17): warning: 'GPIO_PORTA_AFSEL_R' macro redefined [-Wmacro-redefined]
   17 | #define GPIO_PORTA_AFSEL_R (*((volatile unsigned long*) 0x40004420))
      |         ^
./tm4c123gh6pm.h(171): note: previous definition is here
  171 | #define GPIO_PORTA_AFSEL_R      (*((volatile unsigned long *)0x40004420))
      |         ^
main.c(18): warning: In file included from...
./Uart.h(18): warning: 'GPIO_PORTA_DEN_R' macro redefined [-Wmacro-redefined]
   18 | #define GPIO_PORTA_DEN_R         (*((volatile unsigned long*) 0x4000451C))
      |         ^
./tm4c123gh6pm.h(179): note: previous definition is here
  179 | #define GPIO_PORTA_DEN_R        (*((volatile unsigned long *)0x4000451C))
      |         ^
13 warnings generated.
compiling main.c...
compiling Uart.c...
compiling timer1.c...
linking...
Program Size: Code=3132 RO-data=32 RW-data=0 ZI-data=1128  
FromELF: creating hex file...
".\SysTickPLL.axf" - 0 Error(s), 13 Warning(s).

<h2>Software Packages used:</h2>

Package Vendor: ARM
                http://www.keil.com/pack/ARM.CMSIS.5.9.0.pack
                ARM::CMSIS@5.9.0
                CMSIS (Common Microcontroller Software Interface Standard)
   * Component: CORE Version: 5.6.0

Package Vendor: Keil
                http://www.keil.com/pack/Keil.TM4C_DFP.1.1.0.pack
                Keil::TM4C_DFP@1.1.0
                Texas Instruments Tiva C Series Device Support and Examples

<h2>Collection of Component include folders:</h2>
  ./RTE/_Ultrasonic_Range_Finder
  C:/Users/fallo/AppData/Local/Arm/Packs/ARM/CMSIS/5.9.0/CMSIS/Core/Include
  C:/Users/fallo/AppData/Local/Arm/Packs/Keil/TM4C_DFP/1.1.0/Device/Include/TM4C123

<h2>Collection of Component Files used:</h2>

   * Component: ARM::CMSIS:CORE@5.6.0
Build Time Elapsed:  00:00:00
</pre>
</body>
</html>
